[aprendegit.com/index.html]
[backblue.gif]
[fade.gif]
[index.html]
[aprendegit.com/xmlrpc.php]
[aprendegit.com/wp-content/litespeed/css/1/30f5471e8da8a07eb3bced1692f7495ea604.css]
[aprendegit.com/comments/feed/index.html]
[aprendegit.com/page/2/index.html]
[aprendegit.com/feed/index.html]
[aprendegit.com/wp-content/litespeed/css/1/5e0b5d7264ff3b5b5112bed582f1df0ff7e2.css]
[aprendegit.com/wp-content/litespeed/css/1/830eace304c61dce165a21ade97e30f0f986.css]
[aprendegit.com/wp-content/litespeed/css/1/278d4f5f5faca674ec06d68e211bfa94584e.css]
[aprendegit.com/wp-content/litespeed/css/1/2e5b23f2a3dab719f2d6827739489d673c22.css]
[aprendegit.com/wp-content/litespeed/css/1/a51f84a0c22e814f2d5d018a7f6c3e85210b.css]
[aprendegit.com/wp-content/litespeed/css/1/be72f6c83c8f88d3a8a4b7bfca56ce007290.css]
[aprendegit.com/wp-content/litespeed/css/1/9ab2918d6ca64a4c5d64ffbdcf665c9ac19d.css]
[aprendegit.com/wp-content/litespeed/css/1/e41c0c60d1a889ca3c95508cf6d3356a7db9.css]
[aprendegit.com/wp-content/litespeed/css/1/10389615fd3f9cf6938f6f676c0851a3964c.css]
[aprendegit.com/wp-includes/js/jquery/jquery.minf43b.js]
[aprendegit.com/wp-content/litespeed/js/1/20625b57966b311ba1d8f40926338875cd3e.js]
[aprendegit.com/wp-content/litespeed/js/1/9c5d0e13e8c87af8c09a0c980350ee580f94.js]
[aprendegit.com/wp-content/litespeed/js/1/1879ae2d26b708265a46341593ae362a4b79.js]
[aprendegit.com/wp-content/litespeed/js/1/d3d3e8199c51b2efc5f6d44415f4ba2a4768.js]
[aprendegit.com/wp-content/litespeed/js/1/227d645cf0f898e1f2c1ccdbdfaa8a55eb04.js]
[aprendegit.com/wp-content/litespeed/js/1/5cc4d7d15af6986d496cc0d6238295a7cfa9.js]
[aprendegit.com/wp-content/litespeed/js/1/5b4e06f923ee7c969a592e71dfa7d4023a83.js]
[aprendegit.com/wp-content/litespeed/js/1/06418227af3ad366c253353464f0f14618dc.js]
[aprendegit.com/wp-content/litespeed/js/1/379bf0a8017b3d6849308b600d7109e78fa5.js]
[aprendegit.com/wp-content/litespeed/js/1/aeef5fd2d73d345bf020a157946c140ecc04.js]
[aprendegit.com/wp-content/litespeed/js/1/63a1b71cac93afc69b58043202064fd8f285.js]
[aprendegit.com/wp-content/litespeed/js/1/bd5ac10bf9b3ae8a0fee79fa0a9ac19d4068.js]
[aprendegit.com/wp-content/litespeed/js/1/0cab3076946c503cb71154a4bd7ff3af46e5.js]
[aprendegit.com/wp-content/litespeed/js/1/af8c9e3410a59cf2c6978d12b69d58ceec33.js]
[aprendegit.com/wp-content/litespeed/js/1/10f349c651cb81a41928ea7f4c0f3b26e32e.js]
[aprendegit.com/wp-content/litespeed/js/1/90e3d61f100ad2ccd3215cea29e4f1d50b75.js]
[aprendegit.com/xmlrpc0db0.php]
[aprendegit.com/wp-content/plugins/events-manager-pro/includes/images/spinner.gif]
[aprendegit.com/wp-json/index.html]
[aprendegit.com/wp-content/plugins/events-manager-pro/includes/images/success.png]
[aprendegit.com/wp-content/plugins/events-manager-pro/includes/images/error.png]
[aprendegit.com/wp-content/uploads/2013/10/Voila_Capture294.png]
[aprendegit.com/category/bitbucket/index.html]
[aprendegit.com/category/github/index.html]
[aprendegit.com/quienes-somos/index.html]
[aprendegit.com/category/xcode/index.html]
[aprendegit.com/wp-content/uploads/2013/10/Voila_Capture297.png]
[aprendegit.com/que-es-git-flow/index.html]
[aprendegit.com/contacto/index.html]
[aprendegit.com/git-con-git-flow/index.html]
[aprendegit.com/wp-content/uploads/2013/10/Voila_Capture300.png]
[aprendegit.com/wp-content/uploads/2013/09/Voila_Capture288.png]
[aprendegit.com/category/eventos-charlas-conferencias/index.html]
[aprendegit.com/author/admin/index.html]
[aprendegit.com/category/workflow/index.html]
[aprendegit.com/wp-content/uploads/2013/09/Voila_Capture289.png]
[aprendegit.com/category/uncategorized/index.html]
[aprendegit.com/anadiendo-un-remoto-a-un-proyecto-en-xcode5/index.html]
[aprendegit.com/ggit-borra-nada-hasta-que-pasa-el-recolector-de-basura/index.html]
[aprendegit.com/primera-reunion-del-grupo-de-usuarios-de-git/index.html]
[aprendegit.com/wp-content/uploads/2013/09/Voila_Capture283.png]
[aprendegit.com/wp-content/uploads/2013/09/Voila_Capture284.png]
[aprendegit.com/wp-content/uploads/2013/09/Voila_Capture285.png]
[aprendegit.com/como-deshacer-el-ultimo-commit-en-git/index.html]
[aprendegit.com/repaso-rapido-a-las-novedades-de-git-en-xcode-5/index.html]
[aprendegit.com/gitminutes.com]
[aprendegit.com/git-la-he-liado-parda/index.html]
[aprendegit.com/author/alfonso/index.html]
[aprendegit.com/6-motivos-por-los-que-git-no-es-un-sistema-de-backup/index.html]
[aprendegit.com/category/comandos/index.html]
[aprendegit.com/wp-content/uploads/2013/05/IMG_0489.jpg]
[aprendegit.com/category/general/index.html]
[aprendegit.com/git-merge-2013-hack-day-y-como-no-cerveza/index.html]
[aprendegit.com/tag/backup/index.html]
[aprendegit.com/wp-content/uploads/2013/05/IMG_0490.jpg]
[aprendegit.com/wp-content/uploads/2013/05/IMG_0487.jpg]
[aprendegit.com/git-merge-2013-user-day/index.html]
[aprendegit.com/wp-content/uploads/2014/05/banner-introduccion-git.png]
[aprendegit.com/wp-login.html]
[aprendegit.com/todo-listo-para-el-git-merge-2013-de-berlin/index.html]
[aprendegit.com/opciones-del-comando-git-add/index.html]
[aprendegit.com/que-es-un-pull-request/index.html]
[aprendegit.com/wp-content/litespeed/js/1/05d6df20bdaa811f602879cd7ea9ec2e8cc7.js]
[aprendegit.com/2014/08/index.html]
[aprendegit.com/2014/06/index.html]
[aprendegit.com/2014/12/index.html]
[aprendegit.com/2013/10/index.html]
[aprendegit.com/wp-content/litespeed/js/1/8328b25c2fd3af13a3624637e96b634fb808.js]
[aprendegit.com/2013/04/index.html]
[aprendegit.com/2013/05/index.html]
[aprendegit.com/2013/09/index.html]
[aprendegit.com/2013/06/index.html]
[aprendegit.com/wp-content/litespeed/js/1/b20585d43fa5af30b378c3460d4fa98dd8d0.js]
[aprendegit.com/2013/03/index.html]
[aprendegit.com/2013/02/index.html]
[aprendegit.com/wp-content/litespeed/js/1/b295c924fea184d70bc0a70e84729b576df0.js]
[aprendegit.com/2012/12/index.html]
[aprendegit.com/2013/01/index.html]
[aprendegit.com/index.html]
[aprendegit.com/wp-content/plugins/litespeed-cache/guest.vary.html]
[aprendegit.com/xmlrpc.html]
[aprendegit.com/category/faq/index.html]
[aprendegit.com/category/introduccion/index.html]
[aprendegit.com/category/configuracion/index.html]
[aprendegit.com/wp-content/uploads/2013/04/Voila_Capture188.png]
[aprendegit.com/category/proyectos/index.html]
[aprendegit.com/page/3/index.html]
[aprendegit.com/politica-de-cookies/index.html]
[aprendegit.com/introduccion-a-git-en-betabeers-badajoz/index.html]
[aprendegit.com/wp-content/uploads/2013/04/Voila_Capture190.png]
[aprendegit.com/uso-avanzado-de-referencias-github-y-pull-requests/index.html]
[aprendegit.com/tag/presentacion/index.html]
[aprendegit.com/tag/video/index.html]
[aprendegit.com/wp-content/uploads/2013/04/Voila_Capture117.png]
[aprendegit.com/tag/configuracion/index.html]
[aprendegit.com/tag/github/index.html]
[aprendegit.com/tag/pull-request/index.html]
[aprendegit.com/tag/referencias/index.html]
[aprendegit.com/wp-content/uploads/2013/04/Voila_Capture76.png]
[aprendegit.com/git-flow-resumen-y-conclusiones/index.html]
[aprendegit.com/instalacion-de-git-flow/index.html]
[aprendegit.com/git-flow-la-rama-develop-y-uso-de-feature-branches/index.html]
[aprendegit.com/wp-content/uploads/2013/04/Voila_Capture108.png]
[aprendegit.com/git-flow-hotfix-branches/index.html]
[aprendegit.com/git-flow-release-branches/index.html]
[aprendegit.com/tag/git-flow/index.html]
[aprendegit.com/wp-content/uploads/2013/04/Voila_Capture109.png]
[aprendegit.com/wp-content/uploads/2013/04/Voila_Capture110.png]
[aprendegit.com/wp-content/uploads/2013/04/Voila_Capture111.png]
[aprendegit.com/wp-content/uploads/2013/04/Voila_Capture112.png]
[aprendegit.com/wp-content/uploads/2013/04/Voila_Capture113.png]
[aprendegit.com/wp-content/uploads/2013/04/Voila_Capture115.png]
[aprendegit.com/wp-content/uploads/2013/04/Voila_Capture116.png]
[aprendegit.com/wp-content/uploads/2013/04/Voila_Capture70.png]
[aprendegit.com/wp-content/uploads/2013/04/Voila_Capture71.png]
[aprendegit.com/wp-content/uploads/2013/04/Voila_Capture72.png]
[aprendegit.com/wp-content/uploads/2013/04/Voila_Capture73.png]
[aprendegit.com/wp-content/uploads/2013/04/Voila_Capture74.png]
[aprendegit.com/wp-content/uploads/2013/04/Voila_Capture75.png]
[aprendegit.com/wp-content/uploads/2013/03/Voila_Capture34.png]
[aprendegit.com/wp-content/uploads/2013/03/Voila_Capture35.png]
[aprendegit.com/wp-content/uploads/2013/03/Voila_Capture36.png]
[aprendegit.com/forzando-merge-commits/index.html]
[aprendegit.com/wp-content/uploads/2013/03/Voila_Capture37.png]
[aprendegit.com/wp-content/uploads/2013/03/Voila_Capture39.png]
[aprendegit.com/wp-content/uploads/2013/03/Voila_Capture40.png]
[aprendegit.com/wp-content/uploads/2013/03/Voila_Capture38.png]
[aprendegit.com/wp-content/uploads/2013/02/Voila_Capture30.png]
[aprendegit.com/wp-content/uploads/2013/02/Voila_Capture31.png]
[aprendegit.com/organizando-las-ramas-en-carpetas/index.html]
[aprendegit.com/wp-content/uploads/2013/02/Voila_Capture32.png]
[aprendegit.com/tag/ramas/index.html]
[aprendegit.com/wp-content/uploads/2013/02/Voila_Capture33.png]
[aprendegit.com/wp-content/uploads/2013/02/feature_branches.png]
[aprendegit.com/wp-content/uploads/2013/02/hotfix-branches1.png]
[aprendegit.com/page/2/index.html]
[aprendegit.com/wp-content/litespeed/css/1/30f5471e8da8a07eb3bced1692f7495ea604.css]
[aprendegit.com/wp-includes/js/mediaelement/mejs-controls.svg]
[aprendegit.com/wp-content/litespeed/css/1/5e0b5d7264ff3b5b5112bed582f1df0ff7e2.css]
[aprendegit.com/wp-content/litespeed/css/1/830eace304c61dce165a21ade97e30f0f986.css]
[aprendegit.com/wp-content/litespeed/css/1/278d4f5f5faca674ec06d68e211bfa94584e.css]
[aprendegit.com/wp-content/plugins/events-manager/includes/external/intl-tel-input/img/flags.png]
[aprendegit.com/wp-content/plugins/events-manager/includes/external/intl-tel-input/img/flags@2x.png]
[aprendegit.com/wp-content/plugins/events-manager/includes/img/flagsc4ca.png]
[aprendegit.com/wp-content/plugins/events-manager/includes/img/flags@2xc4ca.png]
[aprendegit.com/wp-content/litespeed/css/1/2e5b23f2a3dab719f2d6827739489d673c22.css]
[aprendegit.com/wp-content/litespeed/css/1/a51f84a0c22e814f2d5d018a7f6c3e85210b.css]
[aprendegit.com/wp-content/themes/twentytwelve/fonts/open-sans/open-sans-cyrillic-ext-400-italicd0d2.woff2]
[aprendegit.com/wp-content/themes/twentytwelve/fonts/open-sans/open-sans-all-400-italicd0d2.woff]
[aprendegit.com/wp-content/themes/twentytwelve/fonts/open-sans/open-sans-cyrillic-400-italicd0d2.woff2]
[aprendegit.com/wp-content/themes/twentytwelve/fonts/open-sans/open-sans-greek-ext-400-italicd0d2.woff2]
[aprendegit.com/wp-content/themes/twentytwelve/fonts/open-sans/open-sans-greek-400-italicd0d2.woff2]
[aprendegit.com/wp-content/themes/twentytwelve/fonts/open-sans/open-sans-hebrew-400-italicd0d2.woff2]
[aprendegit.com/wp-content/themes/twentytwelve/fonts/open-sans/open-sans-vietnamese-400-italicd0d2.woff2]
[aprendegit.com/wp-content/themes/twentytwelve/fonts/open-sans/open-sans-latin-ext-400-italicd0d2.woff2]
[aprendegit.com/wp-content/themes/twentytwelve/fonts/open-sans/open-sans-latin-400-italicd0d2.woff2]
[aprendegit.com/wp-content/themes/twentytwelve/fonts/open-sans/open-sans-cyrillic-ext-400-normald0d2.woff2]
[aprendegit.com/wp-content/themes/twentytwelve/fonts/open-sans/open-sans-all-400-normald0d2.woff]
[aprendegit.com/wp-content/themes/twentytwelve/fonts/open-sans/open-sans-cyrillic-400-normald0d2.woff2]
[aprendegit.com/wp-content/themes/twentytwelve/fonts/open-sans/open-sans-greek-ext-400-normald0d2.woff2]
[aprendegit.com/wp-content/themes/twentytwelve/fonts/open-sans/open-sans-greek-400-normald0d2.woff2]
[aprendegit.com/wp-content/themes/twentytwelve/fonts/open-sans/open-sans-hebrew-400-normald0d2.woff2]
[aprendegit.com/wp-content/themes/twentytwelve/fonts/open-sans/open-sans-vietnamese-400-normald0d2.woff2]
[aprendegit.com/wp-content/themes/twentytwelve/fonts/open-sans/open-sans-latin-ext-400-normald0d2.woff2]
[aprendegit.com/wp-content/themes/twentytwelve/fonts/open-sans/open-sans-latin-400-normald0d2.woff2]
[aprendegit.com/wp-content/themes/twentytwelve/fonts/open-sans/open-sans-cyrillic-ext-700-italicd0d2.woff2]
[aprendegit.com/wp-content/themes/twentytwelve/fonts/open-sans/open-sans-all-700-italicd0d2.woff]
[aprendegit.com/wp-content/themes/twentytwelve/fonts/open-sans/open-sans-cyrillic-700-italicd0d2.woff2]
[aprendegit.com/wp-content/themes/twentytwelve/fonts/open-sans/open-sans-greek-ext-700-italicd0d2.woff2]
[aprendegit.com/wp-content/themes/twentytwelve/fonts/open-sans/open-sans-greek-700-italicd0d2.woff2]
[aprendegit.com/wp-content/themes/twentytwelve/fonts/open-sans/open-sans-hebrew-700-italicd0d2.woff2]
[aprendegit.com/wp-content/themes/twentytwelve/fonts/open-sans/open-sans-vietnamese-700-italicd0d2.woff2]
[aprendegit.com/wp-content/themes/twentytwelve/fonts/open-sans/open-sans-latin-ext-700-italicd0d2.woff2]
[aprendegit.com/wp-content/themes/twentytwelve/fonts/open-sans/open-sans-latin-700-italicd0d2.woff2]
[aprendegit.com/wp-content/themes/twentytwelve/fonts/open-sans/open-sans-cyrillic-ext-700-normald0d2.woff2]
[aprendegit.com/wp-content/themes/twentytwelve/fonts/open-sans/open-sans-all-700-normald0d2.woff]
[aprendegit.com/wp-content/themes/twentytwelve/fonts/open-sans/open-sans-cyrillic-700-normald0d2.woff2]
[aprendegit.com/wp-content/themes/twentytwelve/fonts/open-sans/open-sans-greek-ext-700-normald0d2.woff2]
[aprendegit.com/wp-content/themes/twentytwelve/fonts/open-sans/open-sans-greek-700-normald0d2.woff2]
[aprendegit.com/wp-content/themes/twentytwelve/fonts/open-sans/open-sans-hebrew-700-normald0d2.woff2]
[aprendegit.com/wp-content/themes/twentytwelve/fonts/open-sans/open-sans-vietnamese-700-normald0d2.woff2]
[aprendegit.com/wp-content/themes/twentytwelve/fonts/open-sans/open-sans-latin-ext-700-normald0d2.woff2]
[aprendegit.com/wp-content/themes/twentytwelve/fonts/open-sans/open-sans-latin-700-normald0d2.woff2]
[aprendegit.com/wp-content/litespeed/css/1/be72f6c83c8f88d3a8a4b7bfca56ce007290.css]
[aprendegit.com/wp-content/litespeed/css/1/9ab2918d6ca64a4c5d64ffbdcf665c9ac19d.css]
[aprendegit.com/wp-content/litespeed/css/1/e41c0c60d1a889ca3c95508cf6d3356a7db9.css]
[aprendegit.com/wp-content/plugins/jetpack/modules/shortcodes/img/slideshow-controls.png]
[aprendegit.com/wp-content/plugins/jetpack/modules/shortcodes/img/slideshow-controls-2x.png]
[aprendegit.com/wp-content/plugins/jetpack/modules/shortcodes/images/slide-nav.png]
[aprendegit.com/wp-content/plugins/jetpack/modules/shortcodes/images/expand.png]
[aprendegit.com/wp-content/plugins/jetpack/modules/shortcodes/images/collapse.png]
[aprendegit.com/wp-content/litespeed/css/1/10389615fd3f9cf6938f6f676c0851a3964c.css]
[aprendegit.com/xmlrpc0db0.html]
[aprendegit.com/category/bitbucket/feed/index.html]
[aprendegit.com/wp-json/wp/v2/categories/8.json]
[aprendegit.com/wp-content/uploads/2012/12/Voila_Capture241.png]
[aprendegit.com/creando-nuestro-primer-repositorio-en-bitbucket-parte-ii-subiendo-el-primer-fichero/index.html]
[aprendegit.com/creando-nuestro-primer-repositorio-en-bitbucket-parte-i-registro-y-creacion-del-repositorio/index.html]
[aprendegit.com/wp-content/uploads/2012/12/Voila_Capture244.png]
[aprendegit.com/wp-content/uploads/2012/12/Voila_Capture245.png]
[aprendegit.com/wp-content/uploads/2012/12/Voila_Capture246.png]
[aprendegit.com/wp-content/uploads/2012/12/Voila_Capture247.png]
[aprendegit.com/wp-content/uploads/2012/12/Voila_Capture248.png]
[aprendegit.com/wp-content/uploads/2012/12/Voila_Capture249.png]
[aprendegit.com/wp-content/uploads/2012/12/Voila_Capture250.png]
[aprendegit.com/wp-content/uploads/2012/12/Voila_Capture252.png]
[aprendegit.com/wp-content/uploads/2012/12/Voila_Capture226.png]
[aprendegit.com/wp-content/uploads/2012/12/Voila_Capture227.png]
[aprendegit.com/wp-content/uploads/2012/12/Voila_Capture232.png]
[aprendegit.com/tag/bitbucket/index.html]
[aprendegit.com/tag/sourcetree/index.html]
[aprendegit.com/wp-content/uploads/2012/12/Voila_Capture233.png]
[aprendegit.com/category/bitbucket/index.html]
[aprendegit.com/category/github/feed/index.html]
[aprendegit.com/wp-json/wp/v2/categories/7.json]
[aprendegit.com/wp-content/uploads/2013/02/Voila_Capture2.png]
[aprendegit.com/wp-content/uploads/2013/02/Voila_Capture4.png]
[aprendegit.com/wp-content/uploads/2013/02/Voila_Capture5.png]
[aprendegit.com/fork-de-repositorios-para-que-sirve/index.html]
[aprendegit.com/wp-content/uploads/2013/02/Voila_Capture6.png]
[aprendegit.com/wp-content/uploads/2013/02/Voila_Capture7.png]
[aprendegit.com/wp-content/uploads/2013/02/Voila_Capture8.png]
[aprendegit.com/wp-content/uploads/2013/02/Voila_Capture9.png]
[aprendegit.com/wp-content/uploads/2013/02/Voila_Capture10.png]
[aprendegit.com/wp-content/uploads/2013/02/Voila_Capture11.png]
[aprendegit.com/wp-content/uploads/2013/02/Voila_Capture12.png]
[aprendegit.com/wp-content/uploads/2013/02/Voila_Capture15.png]
[aprendegit.com/wp-content/uploads/2013/02/Voila_Capture18.png]
[aprendegit.com/wp-content/uploads/2013/02/Voila_Capture19.png]
[aprendegit.com/wp-content/uploads/2013/01/Voila_Capture325.png]
[aprendegit.com/tag/workflow/index.html]
[aprendegit.com/mantener-tu-fork-al-dia/index.html]
[aprendegit.com/wp-content/uploads/2013/01/Voila_Capture326.png]
[aprendegit.com/wp-content/uploads/2013/01/Voila_Capture327.png]
[aprendegit.com/wp-content/uploads/2013/01/Voila_Capture328.png]
[aprendegit.com/wp-content/uploads/2013/01/Voila_Capture329.png]
[aprendegit.com/wp-content/uploads/2013/01/Voila_Capture3301.png]
[aprendegit.com/wp-content/uploads/2013/01/Voila_Capture331.png]
[aprendegit.com/wp-content/uploads/2013/01/Voila_Capture332.png]
[aprendegit.com/wp-content/uploads/2013/01/Voila_Capture333.png]
[aprendegit.com/wp-content/uploads/2013/01/Voila_Capture319.png]
[aprendegit.com/tag/fork/index.html]
[aprendegit.com/wp-content/uploads/2013/01/Voila_Capture322.png]
[aprendegit.com/wp-content/uploads/2013/01/Voila_Capture3232.png]
[aprendegit.com/wp-content/uploads/2013/01/Voila_Capture324.png]
[aprendegit.com/wp-content/uploads/2012/12/Voila_Capture265.png]
[aprendegit.com/prestashop-empieza-a-utilizar-github/index.html]
[aprendegit.com/crear-ficheros-en-repositorios-github-a-traves-de-la-web/index.html]
[aprendegit.com/wp-content/uploads/2012/12/Voila_Capture267.png]
[aprendegit.com/wp-content/uploads/2012/12/Voila_Capture268.png]
[aprendegit.com/wp-content/uploads/2012/12/Voila_Capture270.png]
[aprendegit.com/wp-content/uploads/2012/12/Voila_Capture271.png]
[aprendegit.com/category/github/index.html]
[aprendegit.com/tag/gitignore/index.html]
[aprendegit.com/category/xcode/feed/index.html]
[aprendegit.com/wp-json/wp/v2/categories/9.json]
[aprendegit.com/wp-content/uploads/2012/12/Voila_Capture259.png]
[aprendegit.com/gitignore-en-xcode/index.html]
[aprendegit.com/wp-content/uploads/2012/12/Voila_Capture260.png]
[aprendegit.com/wp-content/uploads/2012/12/Voila_Capture261.png]
[aprendegit.com/wp-content/uploads/2012/12/Voila_Capture262.png]
[aprendegit.com/wp-content/uploads/2012/12/Voila_Capture263.png]
[aprendegit.com/wp-content/uploads/2012/12/Voila_Capture264.png]
[aprendegit.com/category/xcode/index.html]
[aprendegit.com/tag/xcode-2/index.html]
[aprendegit.com/quienes-somos/feed/index.html]
[aprendegit.com/wp-json/wp/v2/pages/51.json]
[aprendegit.com/wp-json/oembed/1.0/embed101e.json]
[aprendegit.com/wp-json/oembed/1.0/embedc32f]
[aprendegit.com/wp-content/uploads/2012/12/20120210-644X6864-213x300.jpg]
[aprendegit.com/wp-content/uploads/2012/12/twitter-bird-light-bgs-150x150.png]
[aprendegit.com/wp-content/uploads/2012/12/In_Logo_Web4Print_CMYK_1in.jpg]
[aprendegit.com/quienes-somos/index.html]
[aprendegit.com/wp-login8d37.html]
[aprendegit.com/wp-content/litespeed/js/1/d72f56f5fe8e0226aef84c1c4045fa07e4f4.js]
[aprendegit.com/wp-json/wp/v2/pages/137.json]
[aprendegit.com/contacto/index.html]
[aprendegit.com/wp-json/oembed/1.0/embed4dd1.json]
[aprendegit.com/wp-json/oembed/1.0/embed56e1]
[aprendegit.com/wp-json/wp/v2/posts/704.json]
[aprendegit.com/git-con-git-flow/feed/index.html]
[aprendegit.com/wp-json/oembed/1.0/embed93e0.json]
[aprendegit.com/wp-json/oembed/1.0/embed7fee]
[aprendegit.com/wp-content/litespeed/avatar/1/ebaf90d06133fd1d1517bc20a96f13e3ecb2.jpg]
[aprendegit.com/wp-content/litespeed/avatar/1/db1ac61dfa6ca2895ae557a5288f0079e308.jpg]
[aprendegit.com/git-con-git-flow/index.html]
[aprendegit.com/que-es-git-flow/feed/index.html]
[aprendegit.com/wp-json/wp/v2/posts/425.json]
[aprendegit.com/wp-json/oembed/1.0/embedc5b4.json]
[aprendegit.com/wp-json/oembed/1.0/embedb630]
[aprendegit.com/wp-content/uploads/2013/02/feature_branches.png.webp]
[aprendegit.com/wp-content/uploads/2013/02/hotfix-branches1.png.webp]
[aprendegit.com/wp-content/litespeed/avatar/1/eb4e97a045c173e5e692b3fdd79f1f33d37b.jpg]
[aprendegit.com/wp-content/litespeed/avatar/1/8c52fd170b84429201246d0b2926a6c75fde.jpg]
[aprendegit.com/wp-content/litespeed/avatar/1/edde2e14beb1c58766d83d04123703b95fde.jpg]
[aprendegit.com/wp-content/litespeed/avatar/1/6b70655cdbdee1b5f1ede16c0405244c2f11.jpg]
[aprendegit.com/wp-content/litespeed/avatar/1/cc05ee364780875fa549414a741a0045f4cc.jpg]
[aprendegit.com/wp-content/litespeed/avatar/1/bfa719b270844d198a9556842f9b194d36e8.jpg]
[aprendegit.com/wp-content/litespeed/avatar/1/1626a12920d26ef51b958bdf95ef915138ac.jpg]
[aprendegit.com/wp-content/uploads/2014/05/banner-introduccion-git.png.webp]
[aprendegit.com/que-es-git-flow/index.html]
[aprendegit.com/category/eventos-charlas-conferencias/feed/index.html]
[aprendegit.com/wp-json/wp/v2/categories/31.json]
[aprendegit.com/category/eventos-charlas-conferencias/gitminutes.com]
[aprendegit.com/category/eventos-charlas-conferencias/index.html]
[aprendegit.com/category/workflow/page/2/index.html]
[aprendegit.com/category/workflow/feed/index.html]
[aprendegit.com/wp-json/wp/v2/categories/21.json]
[aprendegit.com/wp-content/uploads/2013/02/Voila_Capture24.png]
[aprendegit.com/wp-content/uploads/2013/02/Voila_Capture25.png]
[aprendegit.com/wp-content/uploads/2013/02/Voila_Capture26.png]
[aprendegit.com/wp-content/uploads/2013/02/Voila_Capture28.png]
[aprendegit.com/category/workflow/index.html]
[aprendegit.com/tag/git-merge/index.html]
[aprendegit.com/author/admin/feed/index.html]
[aprendegit.com/wp-json/wp/v2/users/1.d9.delayed]
[aprendegit.com/author/admin/gitminutes.com]
[aprendegit.com/author/admin/index.html]
[aprendegit.com/wp-json/wp/v2/posts/688.json]
[aprendegit.com/ggit-borra-nada-hasta-que-pasa-el-recolector-de-basura/feed/index.html]
[aprendegit.com/wp-json/oembed/1.0/embedd1dc.json]
[aprendegit.com/wp-json/oembed/1.0/embedc545]
[aprendegit.com/ggit-borra-nada-hasta-que-pasa-el-recolector-de-basura/index.html]
[aprendegit.com/category/uncategorized/feed/index.html]
[aprendegit.com/wp-json/wp/v2/categories/1.json]
[aprendegit.com/wp-content/uploads/2013/01/Voila_Capture316.png]
[aprendegit.com/wp-content/uploads/2013/01/Voila_Capture317.png]
[aprendegit.com/git-workflows-git-es-el-tema-que-mas-interes-despiert/index.html]
[aprendegit.com/wp-content/uploads/2013/01/Voila_Capture318.png]
[aprendegit.com/sobre-que-te-gustaria-que-hablasemos/index.html]
[aprendegit.com/wp-content/uploads/2012/12/Voila_Capture277.png]
[aprendegit.com/wp-content/uploads/2012/12/Voila_Capture278.png]
[aprendegit.com/category/uncategorized/index.html]
[aprendegit.com/gitkeep-incluyendo-carpetas-en-los-repositorios/index.html]
[aprendegit.com/primera-reunion-del-grupo-de-usuarios-de-git/feed/index.html]
[aprendegit.com/wp-json/wp/v2/posts/678.json]
[aprendegit.com/wp-json/oembed/1.0/embedfadb.json]
[aprendegit.com/wp-json/oembed/1.0/embede431]
[aprendegit.com/primera-reunion-del-grupo-de-usuarios-de-git/index.html]
[aprendegit.com/anadiendo-un-remoto-a-un-proyecto-en-xcode5/feed/index.html]
[aprendegit.com/wp-json/wp/v2/posts/659.json]
[aprendegit.com/wp-json/oembed/1.0/embede0d0.json]
[aprendegit.com/wp-json/oembed/1.0/embedcfe0]
[aprendegit.com/wp-content/litespeed/avatar/1/a0a5c8776668a882f3092bff3f368f8629e5.jpg]
[aprendegit.com/anadiendo-un-remoto-a-un-proyecto-en-xcode5/index.html]
[aprendegit.com/repaso-rapido-a-las-novedades-de-git-en-xcode-5/feed/index.html]
[aprendegit.com/wp-json/wp/v2/posts/647.json]
[aprendegit.com/wp-json/oembed/1.0/embed412b.json]
[aprendegit.com/wp-json/oembed/1.0/embed8ca0]
[aprendegit.com/wp-content/litespeed/avatar/1/821012c5fbc15872dda3ca5e90f0218d39f1.jpg]
[aprendegit.com/repaso-rapido-a-las-novedades-de-git-en-xcode-5/index.html]
[aprendegit.com/como-deshacer-el-ultimo-commit-en-git/feed/index.html]
[aprendegit.com/wp-json/wp/v2/posts/630.json]
[aprendegit.com/wp-json/oembed/1.0/embedf0df.json]
[aprendegit.com/wp-json/oembed/1.0/embed62e1]
[aprendegit.com/wp-content/litespeed/avatar/1/f3e3ac6d250cc70e960c666112f134e223f2.jpg]
[aprendegit.com/wp-content/litespeed/avatar/1/e092ad1f60e3671bc394602ab52c31e88bc4.jpg]
[aprendegit.com/wp-content/litespeed/avatar/1/96ebf11fc8d9a13e8567a734e8c7302aaac7.jpg]
[aprendegit.com/wp-content/litespeed/avatar/1/47e0a65763f20b0e8029adfa4d2a8b28147d.jpg]
[aprendegit.com/wp-content/litespeed/avatar/1/dcbddc0dbe87c8453969bfdda38303bbe441.jpg]
[aprendegit.com/wp-content/litespeed/avatar/1/6c7a6627d1ae82dad3690c1351c24c6cee08.jpg]
[aprendegit.com/wp-content/litespeed/avatar/1/660c43cecb3319f023d8f0714ed379cdc851.jpg]
[aprendegit.com/wp-content/litespeed/avatar/1/668bfcdda95a784f322dc4fcf0a19dadc851.jpg]
[aprendegit.com/como-deshacer-el-ultimo-commit-en-git/index.html]
[aprendegit.com/wp-json/wp/v2/posts/563.json]
[aprendegit.com/git-la-he-liado-parda/feed/index.html]
[aprendegit.com/wp-json/oembed/1.0/embed66d1.json]
[aprendegit.com/wp-json/oembed/1.0/embed4633]
[aprendegit.com/wp-content/litespeed/avatar/1/e93179e900f42138c5c573e408ab2570c4cf.jpg]
[aprendegit.com/wp-content/litespeed/avatar/1/7caf5a14efb424d0bf526a7cfe40a997873c.jpg]
[aprendegit.com/git-la-he-liado-parda/index.html]
[aprendegit.com/category/comandos/feed/index.html]
[aprendegit.com/wp-json/wp/v2/categories/20.json]
[aprendegit.com/category/comandos/index.html]
[aprendegit.com/author/alfonso/page/2/index.html]
[aprendegit.com/author/alfonso/feed/index.html]
[aprendegit.com/wp-json/wp/v2/users/2]
[aprendegit.com/author/alfonso/index.html]
[aprendegit.com/6-motivos-por-los-que-git-no-es-un-sistema-de-backup/feed/index.html]
[aprendegit.com/wp-json/wp/v2/posts/608.json]
[aprendegit.com/wp-json/oembed/1.0/embedfa90.json]
[aprendegit.com/wp-json/oembed/1.0/embedc56a]
[aprendegit.com/wp-content/litespeed/avatar/1/33b065ce8c84ae6b5ac136dd1d571e3acd42.jpg]
[aprendegit.com/6-motivos-por-los-que-git-no-es-un-sistema-de-backup/index.html]
[aprendegit.com/category/general/feed/index.html]
[aprendegit.com/wp-json/wp/v2/categories/10.json]
[aprendegit.com/wp-content/uploads/2012/12/Voila_Capture275.png]
[aprendegit.com/ignorando-ficheros-en-git-parte-iii-patrones/index.html]
[aprendegit.com/ignorando-ficheros-en-git-parte-iv-mas-patrones/index.html]
[aprendegit.com/ignorando-ficheros-en-git-parte-ii-prioridades/index.html]
[aprendegit.com/ignorando-ficheros-en-git-parte-i-formas-de-ignorar-ficheros/index.html]
[aprendegit.com/wp-content/uploads/2012/12/Voila_Capture276.png]
[aprendegit.com/wp-content/uploads/2012/12/Voila_Capture273.png]
[aprendegit.com/wp-content/uploads/2012/12/Voila_Capture274.png]
[aprendegit.com/category/general/index.html]
[aprendegit.com/que-es-aprendegit-com/index.html]
[aprendegit.com/wp-json/wp/v2/tags/32.json]
[aprendegit.com/tag/backup/index.html]
[aprendegit.com/tag/backup/feed/index.html]
[aprendegit.com/wp-json/wp/v2/posts/592.json]
[aprendegit.com/git-merge-2013-hack-day-y-como-no-cerveza/feed/index.html]
[aprendegit.com/wp-json/oembed/1.0/embeda2b9.json]
[aprendegit.com/wp-json/oembed/1.0/embed214e]
[aprendegit.com/git-merge-2013-hack-day-y-como-no-cerveza/gitminutes.com]
[aprendegit.com/git-merge-2013-hack-day-y-como-no-cerveza/index.html]
[aprendegit.com/git-merge-2013-user-day/feed/index.html]
[aprendegit.com/wp-json/wp/v2/posts/578.json]
[aprendegit.com/wp-json/oembed/1.0/embedc63f.json]
[aprendegit.com/wp-json/oembed/1.0/embedac38]
[aprendegit.com/git-merge-2013-user-day/index.html]
[aprendegit.com/gitminutes.html]
[aprendegit.com/todo-listo-para-el-git-merge-2013-de-berlin/feed/index.html]
[aprendegit.com/wp-json/wp/v2/posts/573.json]
[aprendegit.com/wp-json/oembed/1.0/embedf5dc.json]
[aprendegit.com/wp-json/oembed/1.0/embed49e7]
[aprendegit.com/todo-listo-para-el-git-merge-2013-de-berlin/index.html]
[aprendegit.com/opciones-del-comando-git-add/feed/index.html]
[aprendegit.com/wp-json/wp/v2/posts/301.json]
[aprendegit.com/wp-json/oembed/1.0/embed7b84.json]
[aprendegit.com/wp-json/oembed/1.0/embed5f9e]
[aprendegit.com/opciones-del-comando-git-add/index.html]
[aprendegit.com/que-es-un-pull-request/feed/index.html]
[aprendegit.com/wp-json/wp/v2/posts/378.json]
[aprendegit.com/wp-json/oembed/1.0/embed0191.json]
[aprendegit.com/wp-json/oembed/1.0/embed95da]
[aprendegit.com/wp-content/litespeed/avatar/1/0d6ac9ed8bcae9684309b9c424f965f255cb.jpg]
[aprendegit.com/wp-content/litespeed/avatar/1/aefed0e24100fc5e7831f9da8d1288904697.jpg]
[aprendegit.com/wp-content/litespeed/avatar/1/495ffa3a2aaad132e5b9c0bfb2bd0c134697.jpg]
[aprendegit.com/wp-content/litespeed/avatar/1/6749087eaf0b89a18974f4d3855b8969a43f.jpg]
[aprendegit.com/wp-content/litespeed/avatar/1/904980cbe60a1c182fb1d888c6d9276eeb6f.jpg]
[aprendegit.com/wp-content/litespeed/avatar/1/6c0e8fab1ef776d605a5717a2db86d148a18.jpg]
[aprendegit.com/wp-content/litespeed/avatar/1/ac4b5f2962af1720cc163b3cec8062a68a18.jpg]
[aprendegit.com/wp-content/litespeed/avatar/1/997c63bce559cc05ad327bd2da3743cb7501.jpg]
[aprendegit.com/wp-content/litespeed/avatar/1/59fef0e3dba2a7b47871335a60da6a9985ee.jpg]
[aprendegit.com/wp-content/litespeed/avatar/1/2d3d6817968cb57b3af1ae5dc1528c391f24.jpg]
[aprendegit.com/wp-content/litespeed/avatar/1/e98865e6f5452dcf12ed3d2cc87537ca1f24.jpg]
[aprendegit.com/wp-content/litespeed/avatar/1/c89179af92eaa13c6217fd6fc6bbd0fbb33a.jpg]
[aprendegit.com/wp-content/litespeed/avatar/1/c884c7252be1359c999e226478dc6192c9fd.jpg]
[aprendegit.com/wp-content/litespeed/avatar/1/b0c813f0718c7970d0d95a3dbe1d6941dac2.jpg]
[aprendegit.com/wp-content/litespeed/avatar/1/b6da4ad19de0f7eb14679e3211f051e19cee.jpg]
[aprendegit.com/wp-content/litespeed/avatar/1/c5e013c205d38526d4f5ccca0fbb03bafb4b.jpg]
[aprendegit.com/wp-content/litespeed/avatar/1/8234fa48548beca8f58a383e3585a8ddfb4b.jpg]
[aprendegit.com/wp-content/litespeed/avatar/1/43782ec76a387703ae20d8d281b79f411245.jpg]
[aprendegit.com/wp-content/litespeed/avatar/1/0d5c0615eb0ef68823f0d404265831b667a0.jpg]
[aprendegit.com/wp-content/litespeed/avatar/1/427e99d093a7d657ae14f0e95abf5aff67a0.jpg]
[aprendegit.com/que-es-un-pull-request/index.html]
[aprendegit.com/2014/12/index.html]
[aprendegit.com/2014/08/index.html]
[aprendegit.com/2014/06/index.html]
[aprendegit.com/2013/10/index.html]
[aprendegit.com/2013/09/index.html]
[aprendegit.com/2013/06/index.html]
[aprendegit.com/2013/05/gitminutes.com]
[aprendegit.com/2013/05/index.html]
[aprendegit.com/2013/04/index.html]
[aprendegit.com/2013/03/index.html]
[aprendegit.com/2013/02/index.html]
[aprendegit.com/2013/01/index.html]
[aprendegit.com/2012/12/index.html]
[aprendegit.com/git-alias-de-nicola-paolucci/index.html]
[aprendegit.com/tag/alias/index.html]
[aprendegit.com/tag/gitconfig/index.html]
[aprendegit.com/por-que-se-necesita-un-fichero-readme-en-la-raiz-del-repositorio-git/index.html]
[aprendegit.com/category/configuracion/feed/index.html]
[aprendegit.com/que-significa-clonar-un-repositorio/index.html]
[aprendegit.com/category/configuracion/index.html]
[aprendegit.com/wp-json/wp/v2/categories/17.json]
[aprendegit.com/category/faq/feed/index.html]
[aprendegit.com/category/faq/index.html]
[aprendegit.com/wp-json/wp/v2/categories/11.json]
[aprendegit.com/category/introduccion/feed/index.html]
[aprendegit.com/wp-json/wp/v2/categories/28.json]
[aprendegit.com/category/introduccion/index.html]
[aprendegit.com/wp-json/wp/v2/categories/16.json]
[aprendegit.com/category/proyectos/feed/index.html]
[aprendegit.com/category/proyectos/index.html]
[aprendegit.com/wp-includes/css/dashicons.minb6a4.css]
[aprendegit.com/wp-includes/css/buttons.minb6a4.css]
[aprendegit.com/wp-admin/css/forms.minb6a4.css]
[aprendegit.com/wp-admin/css/l10n.minb6a4.css]
[aprendegit.com/wp-admin/css/login.minb6a4.css]
[aprendegit.com/wp-loginc2b6.html]
[aprendegit.com/wp-content/plugins/jetpack/css/jetpack1c0d.css]
[aprendegit.com/wp-includes/js/jquery/jquery-migrate.min5589.js]
[aprendegit.com/wp-includes/js/zxcvbn-async.min5152.js]
[aprendegit.com/wp-includes/js/dist/hooks.min2757.js]
[aprendegit.com/wp-includes/js/dist/i18n.minc33c.js]
[aprendegit.com/wp-admin/js/password-strength-meter.minb6a4.js]
[aprendegit.com/wp-includes/js/underscore.mind584.js]
[aprendegit.com/wp-includes/js/wp-util.minb6a4.js]
[aprendegit.com/wp-admin/js/user-profile.minb6a4.js]
[aprendegit.com/wp-login.html]
[aprendegit.com/wp-json/wp/v2/pages/716.json]
[aprendegit.com/wp-json/oembed/1.0/embed7eb2.json]
[aprendegit.com/wp-json/oembed/1.0/embed7f7c]
[aprendegit.com/politica-de-cookies/index.html]
[aprendegit.com/wp-content/plugins/litespeed-cache/guest.vary.html]
[aprendegit.com/page/3/index.html]
[aprendegit.com/mas-informacion-sobre-las-cookies/index.html]
[aprendegit.com/page/4/index.html]
[aprendegit.com/introduccion-a-git-en-betabeers-badajoz/feed/index.html]
[aprendegit.com/wp-json/wp/v2/posts/569.json]
[aprendegit.com/wp-json/oembed/1.0/embedca6f.json]
[aprendegit.com/wp-json/oembed/1.0/embed601f]
[aprendegit.com/introduccion-a-git-en-betabeers-badajoz/index.html]
[aprendegit.com/tag/presentacion/feed/index.html]
[aprendegit.com/wp-json/wp/v2/tags/29.json]
[aprendegit.com/tag/presentacion/index.html]
[aprendegit.com/tag/video/feed/index.html]
[aprendegit.com/wp-json/wp/v2/tags/30.json]
[aprendegit.com/tag/video/index.html]
[aprendegit.com/uso-avanzado-de-referencias-github-y-pull-requests/feed/index.html]
[aprendegit.com/wp-json/wp/v2/posts/544.json]
[aprendegit.com/wp-json/oembed/1.0/embedac15.json]
[aprendegit.com/wp-json/oembed/1.0/embedc836]
[aprendegit.com/wp-content/litespeed/avatar/1/bb19a98c2f4b0742277e18681860bc4087b4.jpg]
[aprendegit.com/uso-avanzado-de-referencias-github-y-pull-requests/index.html]
[aprendegit.com/wp-json/wp/v2/tags/36.json]
[aprendegit.com/tag/configuracion/index.html]
[aprendegit.com/tag/configuracion/feed/index.html]
[aprendegit.com/tag/github/feed/index.html]
[aprendegit.com/wp-json/wp/v2/tags/34.json]
[aprendegit.com/tag/github/index.html]
[aprendegit.com/tag/pull-request/feed/index.html]
[aprendegit.com/wp-json/wp/v2/tags/23.json]
[aprendegit.com/tag/pull-request/index.html]
[aprendegit.com/tag/referencias/feed/index.html]
[aprendegit.com/wp-json/wp/v2/tags/27.json]
[aprendegit.com/tag/referencias/index.html]
[aprendegit.com/git-flow-resumen-y-conclusiones/feed/index.html]
[aprendegit.com/wp-json/wp/v2/posts/527.json]
[aprendegit.com/wp-json/oembed/1.0/embedcc85.json]
[aprendegit.com/wp-json/oembed/1.0/embed84b3]
[aprendegit.com/wp-content/litespeed/avatar/1/a18e7d5cfb09704538f3b62e478d45c2ba5c.jpg]
[aprendegit.com/wp-content/litespeed/avatar/1/f6d35fbf591ff44080599c3301b0088de9f4.jpg]
[aprendegit.com/git-flow-resumen-y-conclusiones/index.html]
[aprendegit.com/instalacion-de-git-flow/feed/index.html]
[aprendegit.com/wp-json/wp/v2/posts/439.json]
[aprendegit.com/wp-json/oembed/1.0/embed478a.json]
[aprendegit.com/wp-json/oembed/1.0/embedf9dc]
[aprendegit.com/wp-content/litespeed/avatar/1/f57804c221f3135dbbd6803b523ece94228d.jpg]
[aprendegit.com/wp-content/litespeed/avatar/1/ac03105003fd0b71f914ff490310d6333ee6.jpg]
[aprendegit.com/wp-content/litespeed/avatar/1/5efad8196bc96c5190c10a8e4f038dcf0170.jpg]
[aprendegit.com/wp-content/litespeed/avatar/1/b7b0fdf58ac8756ccf75e5b7305ca2934ad0.jpg]
[aprendegit.com/instalacion-de-git-flow/index.html]
[aprendegit.com/git-flow-la-rama-develop-y-uso-de-feature-branches/feed/index.html]
[aprendegit.com/wp-json/wp/v2/posts/466.json]
[aprendegit.com/wp-json/oembed/1.0/embedb1c3.json]
[aprendegit.com/wp-json/oembed/1.0/embed51d9]
[aprendegit.com/wp-content/litespeed/avatar/1/775fe2bb2b98293b4653822778235d9f8cc9.jpg]
[aprendegit.com/wp-content/litespeed/avatar/1/7b971dfb6fd29d5a8aae10e3c1bb3c7f070d.jpg]
[aprendegit.com/wp-content/litespeed/avatar/1/21771342f6d08a82a00a6002e69e8cc8a4e9.jpg]
[aprendegit.com/wp-content/litespeed/avatar/1/f2700e701b6ef6d228b15a21a999224ea848.jpg]
[aprendegit.com/wp-content/litespeed/avatar/1/f2b1529060f70ace1526a466d6393f1eebd2.jpg]
[aprendegit.com/wp-content/litespeed/avatar/1/7efd12ca9c2d2066bb756ab7bef830e69b34.jpg]
[aprendegit.com/git-flow-la-rama-develop-y-uso-de-feature-branches/index.html]
[aprendegit.com/git-flow-release-branches/feed/index.html]
[aprendegit.com/wp-json/wp/v2/posts/487.json]
[aprendegit.com/wp-json/oembed/1.0/embed5c13.json]
[aprendegit.com/wp-json/oembed/1.0/embed8bb6]
[aprendegit.com/git-flow-release-branches/index.html]
[aprendegit.com/wp-json/wp/v2/tags/25.json]
[aprendegit.com/tag/git-flow/index.html]
[aprendegit.com/tag/git-flow/feed/index.html]
[aprendegit.com/git-flow-hotfix-branches/feed/index.html]
[aprendegit.com/wp-json/wp/v2/posts/507.json]
[aprendegit.com/wp-json/oembed/1.0/embed6e4a.json]
[aprendegit.com/wp-json/oembed/1.0/embeda7c5]
[aprendegit.com/wp-content/litespeed/avatar/1/de5390f20b1aa22910ef501f2739f39f2f75.jpg]
[aprendegit.com/wp-content/litespeed/avatar/1/a8c31c0b3efeb886af29ffa0bcd3650b23f2.jpg]
[aprendegit.com/git-flow-hotfix-branches/index.html]
[aprendegit.com/forzando-merge-commits/feed/index.html]
[aprendegit.com/wp-json/wp/v2/posts/409.json]
[aprendegit.com/wp-json/oembed/1.0/embed6dd7.json]
[aprendegit.com/wp-json/oembed/1.0/embed7b97]
[aprendegit.com/wp-content/litespeed/avatar/1/21bee4739541113b8ddeef013514372dc145.jpg]
[aprendegit.com/forzando-merge-commits/index.html]
[aprendegit.com/organizando-las-ramas-en-carpetas/feed/index.html]
[aprendegit.com/wp-json/wp/v2/posts/458.json]
[aprendegit.com/wp-json/oembed/1.0/embedd0b5.json]
[aprendegit.com/wp-json/oembed/1.0/embed4613]
[aprendegit.com/wp-content/litespeed/avatar/1/77c86ec9c882a0a0dd7e1e4d60583b5c745e.jpg]
[aprendegit.com/organizando-las-ramas-en-carpetas/index.html]
[aprendegit.com/tag/ramas/feed/index.html]
[aprendegit.com/wp-json/wp/v2/tags/26.json]
[aprendegit.com/tag/ramas/index.html]
[aprendegit.com/wp-includes/js/mediaelement/mejs-controls.svg]
[aprendegit.com/wp-content/plugins/events-manager/includes/img/flagsc4ca.html]
[aprendegit.com/wp-content/plugins/events-manager/includes/img/flags@2xc4ca.html]
[aprendegit.com/creando-nuestro-primer-repositorio-en-bitbucket-parte-ii-subiendo-el-primer-fichero/feed/index.html]
[aprendegit.com/wp-json/wp/v2/posts/85.json]
[aprendegit.com/wp-json/oembed/1.0/embed7109.json]
[aprendegit.com/wp-json/oembed/1.0/embed2a20]
[aprendegit.com/wp-content/litespeed/avatar/1/b3625caadb9d74e9db9f506e888aea503c29.jpg]
[aprendegit.com/wp-content/litespeed/avatar/1/af0cd13ae21ba0ba4aa24f89afb66292a52a.jpg]
[aprendegit.com/wp-content/litespeed/avatar/1/07a7202b4f8911e9fed59d4bdcf01d79b4f8.jpg]
[aprendegit.com/wp-content/litespeed/avatar/1/f4db5c798224211449bd00d65d22ea3b065b.jpg]
[aprendegit.com/wp-content/litespeed/avatar/1/75b0654bcb68f680f55470cd61b2d494065b.jpg]
[aprendegit.com/cdn-cgi/l/email-protection.html]
[aprendegit.com/wp-content/litespeed/avatar/1/a8997b677510691559d9cfb0ada0faf8b4c5.jpg]
[aprendegit.com/cdn-cgi/scripts/5c5dd728/cloudflare-static/email-decode.min.js]
[aprendegit.com/creando-nuestro-primer-repositorio-en-bitbucket-parte-ii-subiendo-el-primer-fichero/index.html]
[aprendegit.com/creando-nuestro-primer-repositorio-en-bitbucket-parte-i-registro-y-creacion-del-repositorio/feed/index.html]
[aprendegit.com/wp-json/wp/v2/posts/66.json]
[aprendegit.com/wp-json/oembed/1.0/embedc028.json]
[aprendegit.com/wp-json/oembed/1.0/embeda283]
[aprendegit.com/creando-nuestro-primer-repositorio-en-bitbucket-parte-i-registro-y-creacion-del-repositorio/index.html]
[aprendegit.com/que-signifeic-clonar-un-repositorio/index.html]
[aprendegit.com/wp-json/wp/v2/tags/33.json]
[aprendegit.com/tag/bitbucket/index.html]
[aprendegit.com/tag/bitbucket/feed/index.html]
[aprendegit.com/wp-json/wp/v2/tags/13.json]
[aprendegit.com/tag/sourcetree/index.html]
[aprendegit.com/tag/sourcetree/feed/index.html]
[aprendegit.com/fork-de-repositorios-para-que-sirve/feed/index.html]
[aprendegit.com/wp-json/wp/v2/posts/337.json]
[aprendegit.com/wp-json/oembed/1.0/embedd8d5.json]
[aprendegit.com/wp-json/oembed/1.0/embed7b9b]
[aprendegit.com/wp-content/litespeed/avatar/1/4d79729ca41e24c3be34762514b84204f4a9.jpg]
[aprendegit.com/wp-content/litespeed/avatar/1/0713f28fdb383fc72be74394cbf8082bb48e.jpg]
[aprendegit.com/wp-content/litespeed/avatar/1/e085d284c32331b0fa0b2fb968955e85b48e.jpg]
[aprendegit.com/wp-content/litespeed/avatar/1/4a75b5a149615bc2028ae62eafabb744afc3.jpg]
[aprendegit.com/wp-content/litespeed/avatar/1/77d063aaa661e6642043b50c4a066e2ce21c.jpg]
[aprendegit.com/wp-content/litespeed/avatar/1/ce2b8ba51c3ac067ffa6519c63c7a628dc8f.jpg]
[aprendegit.com/wp-content/litespeed/avatar/1/ecd3d813ec3f88a2b91e5e255834100fae95.jpg]
[aprendegit.com/wp-content/litespeed/avatar/1/72d7fe22cfcc473d8f664f3e43ff26a03b82.jpg]
[aprendegit.com/wp-content/litespeed/avatar/1/01271604cc63e2d87186de98dfb33c033b82.jpg]
[aprendegit.com/wp-content/litespeed/avatar/1/6a6e58390f76a9d0b8bbd1cc747067b1a83f.jpg]
[aprendegit.com/wp-content/litespeed/avatar/1/a999bd3d0b99f17ea47801d39733a993f8a3.jpg]
[aprendegit.com/wp-content/litespeed/avatar/1/6c0e3a0b291f488fb387d20a0772f1588d79.jpg]
[aprendegit.com/wp-content/litespeed/avatar/1/fb863140f527058b643a96fb421374778d79.jpg]
[aprendegit.com/wp-content/litespeed/avatar/1/82c7db793305de7ef08fdcb28ba303f061f0.jpg]
[aprendegit.com/wp-content/litespeed/avatar/1/1e9586e8c8af1c90b3e047231c00bbb261f0.jpg]
[aprendegit.com/wp-content/litespeed/avatar/1/408c8118093ebbde6d4642ec5d18a6b1f553.jpg]
[aprendegit.com/wp-content/litespeed/avatar/1/352a5743c0544a3c20170a4346ef11a7a1b6.jpg]
[aprendegit.com/wp-content/litespeed/avatar/1/5bc24e07ba8da2181288cc14f2da7b6ea1b6.jpg]
[aprendegit.com/fork-de-repositorios-para-que-sirve/index.html]
[aprendegit.com/tag/workflow/feed/index.html]
[aprendegit.com/tag/workflow/index.html]
[aprendegit.com/wp-json/wp/v2/tags/35.json]
[aprendegit.com/mantener-tu-fork-al-dia/feed/index.html]
[aprendegit.com/wp-json/wp/v2/posts/359.json]
[aprendegit.com/wp-json/oembed/1.0/embed224e.json]
[aprendegit.com/wp-json/oembed/1.0/embedc266]
[aprendegit.com/wp-content/litespeed/avatar/1/be2c153b752d83ec581a6a54be25fc391267.jpg]
[aprendegit.com/wp-content/litespeed/avatar/1/ac8f0a3c602a1027248cfc91ca14834bf78d.jpg]
[aprendegit.com/wp-content/litespeed/avatar/1/104a2d6112c8045101c08fa105c0098b61e2.jpg]
[aprendegit.com/wp-content/litespeed/avatar/1/bbdfdac233533bc236b72fca7752d9e786b1.jpg]
[aprendegit.com/wp-content/litespeed/avatar/1/d0e441af20a1edd625d918e281b4463cf779.jpg]
[aprendegit.com/wp-content/litespeed/avatar/1/de75f759cd16c3c1a6b6c93cf7b67d1cf779.jpg]
[aprendegit.com/wp-content/litespeed/avatar/1/0a9f15f346467488c0ae3540f0e110a9f492.jpg]
[aprendegit.com/wp-content/litespeed/avatar/1/85bd8bcb8ff08e20623196a9473705c235a1.jpg]
[aprendegit.com/wp-content/litespeed/avatar/1/8ba28da7e5ad7be513eee0255f81e886082a.jpg]
[aprendegit.com/wp-content/litespeed/avatar/1/93c995da15b0b7a8de40d184aa778050c97c.jpg]
[aprendegit.com/wp-content/litespeed/avatar/1/391b0061797443a6d09f1cfb51f37a57c97c.jpg]
[aprendegit.com/mantener-tu-fork-al-dia/index.html]
[aprendegit.com/tag/fork/feed/index.html]
[aprendegit.com/wp-json/wp/v2/tags/22.json]
[aprendegit.com/tag/fork/index.html]
[aprendegit.com/wp-json/wp/v2/posts/198.json]
[aprendegit.com/prestashop-empieza-a-utilizar-github/feed/index.html]
[aprendegit.com/wp-json/oembed/1.0/embeda79d.json]
[aprendegit.com/wp-json/oembed/1.0/embed4de2]
[aprendegit.com/prestashop-empieza-a-utilizar-github/index.html]
[aprendegit.com/crear-ficheros-en-repositorios-github-a-traves-de-la-web/feed/index.html]
[aprendegit.com/wp-json/wp/v2/posts/174.json]
[aprendegit.com/wp-json/oembed/1.0/embed6bbb.json]
[aprendegit.com/wp-json/oembed/1.0/embed9429]
[aprendegit.com/crear-ficheros-en-repositorios-github-a-traves-de-la-web/index.html]
[aprendegit.com/wp-json/wp/v2/tags/15.json]
[aprendegit.com/tag/gitignore/index.html]
[aprendegit.com/tag/gitignore/feed/index.html]
[aprendegit.com/gitignore-en-xcode/feed/index.html]
[aprendegit.com/wp-json/wp/v2/posts/155.json]
[aprendegit.com/wp-json/oembed/1.0/embed706d.json]
[aprendegit.com/wp-json/oembed/1.0/embedadc3]
[aprendegit.com/gitignore-en-xcode/index.html]
[aprendegit.com/tag/xcode-2/feed/index.html]
[aprendegit.com/wp-json/wp/v2/tags/14.json]
[aprendegit.com/tag/xcode-2/index.html]
[aprendegit.com/wp-login8d37.html]
[aprendegit.com/git-flow-la-rama-develop-y-use-de-feature-branches/index.html]
[aprendegit.com/category/eventos-charlas-conferencias/gitminutes.html]
[aprendegit.com/category/workflow/page/2/index.html]
[aprendegit.com/tag/git-merge/feed/index.html]
[aprendegit.com/wp-json/wp/v2/tags/24.json]
[aprendegit.com/tag/git-merge/index.html]
[aprendegit.com/wp-json/wp/v2/users/1.json]
[aprendegit.com/author/admin/gitminutes.html]
[aprendegit.com/wp-json/wp/v2/posts/319.json]
[aprendegit.com/wp-json/oembed/1.0/embedad8d.json]
[aprendegit.com/git-workflows-git-es-el-tema-que-mas-interes-despiert/feed/index.html]
[aprendegit.com/wp-json/oembed/1.0/embed4e62]
[aprendegit.com/git-workflows-git-es-el-tema-que-mas-interes-despiert/index.html]
[aprendegit.com/sobre-que-te-gustaria-que-hablasemos/feed/index.html]
[aprendegit.com/wp-json/wp/v2/posts/309.json]
[aprendegit.com/wp-json/oembed/1.0/embed6ae9.json]
[aprendegit.com/wp-json/oembed/1.0/embed5ed3]
[aprendegit.com/sobre-que-te-gustaria-que-hablasemos/index.html]
[aprendegit.com/gitkeep-incluyendo-carpetas-en-los-repositorios/feed/index.html]
[aprendegit.com/wp-json/wp/v2/posts/248.json]
[aprendegit.com/wp-json/oembed/1.0/embed9f57.json]
[aprendegit.com/wp-json/oembed/1.0/embed7a66]
[aprendegit.com/wp-content/litespeed/avatar/1/69376599c0ed9870a72a169c7c3dc6c5228d.jpg]
[aprendegit.com/gitkeep-incluyendo-carpetas-en-los-repositorios/index.html]
[aprendegit.com/author/alfonso/page/2/index.html]
[aprendegit.com/wp-json/wp/v2/users/2.json]
[aprendegit.com/author/alfonso/page/3/index.html]
[aprendegit.com/ignorando-ficheros-en-git-parte-iv-mas-patrones/feed/index.html]
[aprendegit.com/wp-json/wp/v2/posts/270.json]
[aprendegit.com/wp-json/oembed/1.0/embedd092.json]
[aprendegit.com/wp-json/oembed/1.0/embeda5a0]
[aprendegit.com/wp-content/litespeed/avatar/1/f194b7b52f78f94ffd8111b5c50293001d4e.jpg]
[aprendegit.com/ignorando-ficheros-en-git-parte-iv-mas-patrones/index.html]
[aprendegit.com/wp-json/wp/v2/posts/234.json]
[aprendegit.com/wp-json/oembed/1.0/embed1d3c.json]
[aprendegit.com/ignorando-ficheros-en-git-parte-iii-patrones/feed/index.html]
[aprendegit.com/wp-json/oembed/1.0/embed0934]
[aprendegit.com/ignorando-ficheros-en-git-parte-iii-patrones/index.html]
[aprendegit.com/ignorando-ficheros-en-git-parte-ii-prioridades/feed/index.html]
[aprendegit.com/wp-json/wp/v2/posts/217.json]
[aprendegit.com/wp-json/oembed/1.0/embedee69.json]
[aprendegit.com/wp-json/oembed/1.0/embed23a1]
[aprendegit.com/wp-content/litespeed/avatar/1/e060f7ba21e21cfaec2355e5d663d8f9fa5f.jpg]
[aprendegit.com/wp-content/litespeed/avatar/1/bd06a4dddee746309b83b29121dd87ba1454.jpg]
[aprendegit.com/ignorando-ficheros-en-git-parte-ii-prioridades/index.html]
[aprendegit.com/ignorando-ficheros-en-git-parte-i-formas-de-ignorar-ficheros/feed/index.html]
[aprendegit.com/wp-json/wp/v2/posts/207.json]
[aprendegit.com/wp-json/oembed/1.0/embed9d86.json]
[aprendegit.com/ignorando-ficheros-en-git-parte-i-formas-de-ignorar-ficheros/index.html]
[aprendegit.com/wp-json/oembed/1.0/embed7ad3]
[aprendegit.com/wp-json/wp/v2/posts/62.json]
[aprendegit.com/wp-json/oembed/1.0/embed0946.json]
[aprendegit.com/que-es-aprendegit-com/feed/index.html]
[aprendegit.com/wp-json/oembed/1.0/embed7521]
[aprendegit.com/que-es-aprendegit-com/index.html]
[aprendegit.com/git-merge-2013-hack-day-y-como-no-cerveza/gitminutes.html]
[aprendegit.com/2013/05/gitminutes.html]
[aprendegit.com/wp-json/wp/v2/posts/286.json]
[aprendegit.com/git-alias-de-nicola-paolucci/feed/index.html]
[aprendegit.com/wp-json/oembed/1.0/embed9861.json]
[aprendegit.com/wp-json/oembed/1.0/embeda67a]
[aprendegit.com/git-alias-de-nicola-paolucci/index.html]
[aprendegit.com/tag/gitconfig/feed/index.html]
[aprendegit.com/wp-json/wp/v2/tags/18.json]
[aprendegit.com/tag/gitconfig/index.html]
[aprendegit.com/tag/alias/feed/index.html]
[aprendegit.com/wp-json/wp/v2/tags/19.json]
[aprendegit.com/tag/alias/index.html]
[aprendegit.com/por-que-se-necesita-un-fichero-readme-en-la-raiz-del-repositorio-git/feed/index.html]
[aprendegit.com/wp-json/wp/v2/posts/95.json]
[aprendegit.com/wp-json/oembed/1.0/embed1338.json]
[aprendegit.com/por-que-se-necesita-un-fichero-readme-en-la-raiz-del-repositorio-git/index.html]
[aprendegit.com/wp-json/oembed/1.0/embedd4bc]
[aprendegit.com/que-significa-clonar-un-repositorio/feed/index.html]
[aprendegit.com/wp-json/wp/v2/posts/86.json]
[aprendegit.com/wp-json/oembed/1.0/embedd22e.json]
[aprendegit.com/wp-json/oembed/1.0/embedd1f8]
[aprendegit.com/que-significa-clonar-un-repositorio/index.html]
[aprendegit.com/wp-includes/fonts/dashicons7d4b.eot]
[aprendegit.com/wp-includes/css/dashicons.minb6a4.css]
[aprendegit.com/wp-includes/css/buttons.minb6a4.css]
[aprendegit.com/wp-includes/fonts/dashicons7d4b.ttf]
[aprendegit.com/wp-admin/images/loading.gif]
[aprendegit.com/wp-admin/css/forms.minb6a4.css]
[aprendegit.com/wp-admin/css/l10n.minb6a4.css]
[aprendegit.com/wp-admin/images/w-logo-blue7a53.png]
[aprendegit.com/wp-admin/images/wordpress-logo7d6b.svg]
[aprendegit.com/wp-admin/css/login.minb6a4.css]
[aprendegit.com/wp-admin/index.html]
[aprendegit.com/wp-loginc2b6.html]
[aprendegit.com/wp-content/plugins/jetpack/css/jetpack1c0d.css]
[aprendegit.com/wp-login6189.html]
[aprendegit.com/wp-json/wp/v2/pages/715.json]
[aprendegit.com/wp-json/oembed/1.0/embed25a2.json]
[aprendegit.com/wp-json/oembed/1.0/embed5710]
[aprendegit.com/mas-informacion-sobre-las-cookies/index.html]
[aprendegit.com/page/4/index.html]
[aprendegit.com/cdn-cgi/styles/cf.errors.css]
[aprendegit.com/cdn-cgi/l/email-protection.html]
[aprendegit.com/author/alfonso/page/3/index.html]
[aprendegit.com/wp-admin/images/wordpress-logo7d6b.svg]
[aprendegit.com/page/5/index.html]
[aprendegit.com/author/alfonso/page/4/index.html]
[aprendegit.com/wp-admin/&reauth=1.1ec.delayed]
[aprendegit.com/wp-login6189.html]
[aprendegit.com/page/5/index.html]
[aprendegit.com/cdn-cgi/images/icon-exclamation111f.png]
[aprendegit.com/cdn-cgi/images/cf-icon-horizontal-arrow.png]
[aprendegit.com/cdn-cgi/images/browser-bar111f.png]
[aprendegit.com/cdn-cgi/images/cf-no-screenshot-warn.png]
[aprendegit.com/cdn-cgi/images/cf-no-screenshot-error.png]
[aprendegit.com/cdn-cgi/images/cf-icon-ok.png]
[aprendegit.com/cdn-cgi/images/cf-icon-error.png]
[aprendegit.com/cdn-cgi/images/cf-icon-browser.png]
[aprendegit.com/cdn-cgi/images/cf-icon-cloud.png]
[aprendegit.com/cdn-cgi/images/cf-icon-server.png]
[aprendegit.com/cdn-cgi/styles/cf.errors.css]
[aprendegit.com/author/alfonso/page/4/index.html]
[aprendegit.com/wp-admin/&reauth=1.html]
